// Jest Snapshot v1, https://goo.gl/fbAQLP

exports[`Link changes the class when hovered 1`] = `
<div
  className="App-header"
>
  <div
    className="MuiGrid-root MuiGrid-container"
  >
    <div
      className="MuiGrid-root MuiGrid-item MuiGrid-grid-xs-8"
    >
      <div
        className="MuiFormControl-root MuiTextField-root"
        onKeyDown={[Function]}
      >
        <label
          className="MuiFormLabel-root MuiInputLabel-root makeStyles-textField-1 MuiInputLabel-formControl MuiInputLabel-animated Mui-error Mui-error Mui-required Mui-required"
          data-shrink={false}
          htmlFor="test"
          id="test-label"
        >
          Search
          <span
            aria-hidden={true}
            className="MuiFormLabel-asterisk MuiInputLabel-asterisk Mui-error Mui-error"
          >
            â€‰
            *
          </span>
        </label>
        <div
          className="MuiInputBase-root MuiInput-root MuiInput-underline makeStyles-textField-1 Mui-error Mui-error MuiInputBase-formControl MuiInput-formControl"
          onClick={[Function]}
        >
          <input
            aria-invalid={true}
            autoFocus={false}
            className="MuiInputBase-input MuiInput-input"
            disabled={false}
            id="test"
            onAnimationStart={[Function]}
            onBlur={[Function]}
            onChange={[Function]}
            onFocus={[Function]}
            required={true}
            type="text"
          />
        </div>
      </div>
    </div>
    <div
      className="MuiGrid-root MuiGrid-item MuiGrid-grid-xs-2"
    >
      <button
        className="MuiButtonBase-root MuiButton-root MuiButton-contained"
        disabled={false}
        onBlur={[Function]}
        onClick={[Function]}
        onDragLeave={[Function]}
        onFocus={[Function]}
        onKeyDown={[Function]}
        onKeyUp={[Function]}
        onMouseDown={[Function]}
        onMouseLeave={[Function]}
        onMouseUp={[Function]}
        onTouchEnd={[Function]}
        onTouchMove={[Function]}
        onTouchStart={[Function]}
        tabIndex={0}
        type="button"
      >
        <span
          className="MuiButton-label"
        >
          <span
            className="MuiButton-startIcon MuiButton-iconSizeMedium"
          >
            <svg
              aria-hidden={true}
              className="MuiSvgIcon-root"
              focusable="false"
              viewBox="0 0 24 24"
            >
              <path
                d="M15.5 14h-.79l-.28-.27C15.41 12.59 16 11.11 16 9.5 16 5.91 13.09 3 9.5 3S3 5.91 3 9.5 5.91 16 9.5 16c1.61 0 3.09-.59 4.23-1.57l.27.28v.79l5 4.99L20.49 19l-4.99-5zm-6 0C7.01 14 5 11.99 5 9.5S7.01 5 9.5 5 14 7.01 14 9.5 11.99 14 9.5 14z"
              />
            </svg>
          </span>
          Search
        </span>
      </button>
    </div>
    <div
      className="MuiGrid-root MuiGrid-item MuiGrid-grid-xs-2"
    >
      <p
        className="MuiTypography-root MuiTypography-body1"
      >
        TotalCount: 
        0
      </p>
    </div>
  </div>
  <div
    className="MuiGrid-root MuiGrid-container"
  >
    <div
      className="MuiGrid-root MuiGrid-item MuiGrid-grid-xs-6"
    >
      <ul
        className="MuiList-root MuiList-padding"
      />
    </div>
    <div
      className="MuiGrid-root MuiGrid-item MuiGrid-grid-xs-6"
    />
  </div>
</div>
`;
